// Jest Snapshot v1, https://goo.gl/fbAQLP

exports[`GifExpertApp should match with snapshot 1`] = `
<Fragment>
  <h2>
    GifExpertApp
  </h2>
  <AddCategory
    setCategories={[Function]}
  />
  <hr />
  <GifGrid
    category="One Punch"
    key="One Punch"
  />
</Fragment>
`;
