// Jest Snapshot v1, https://goo.gl/fbAQLP

exports[`AddCategory should render the component 1`] = `
<form
  onSubmit={[Function]}
>
  <input
    onChange={[Function]}
    type="text"
    value=""
  />
  <button>
    Agregar
  </button>
</form>
`;
