// Jest Snapshot v1, https://goo.gl/fbAQLP

exports[`GifGridItem should render the component 1`] = `
<div
  className="card animate__animated animate__bounce animate__delay-2s"
>
  <img
    alt="imagen"
    src="http://localhost:3000/image.jpg"
  />
  <p>
    My Title
  </p>
</div>
`;
